// Jest Snapshot v1, https://goo.gl/fbAQLP

exports[`Test extracts JSON 1`] = `
Array [
  Object {
    "arena": "",
    "capacity": "",
    "founded": "",
    "joinedleague": "",
    "location": "City",
    "team": "",
  },
  Object {
    "arena": "Raiffeisen Arena",
    "capacity": "4,600",
    "founded": "1973",
    "joinedleague": "2021",
    "location": "Porrentruy",
    "team": "*HC Ajoie*",
  },
  Object {
    "arena": "Nuova Valascia",
    "capacity": "6,775",
    "founded": "1937",
    "joinedleague": "1985",
    "location": "Ambrì",
    "team": "*HC Ambrì-Piotta*",
  },
  Object {
    "arena": "PostFinance Arena",
    "capacity": "17,031",
    "founded": "1931",
    "joinedleague": "1986",
    "location": "Bern",
    "team": "*SC Bern*",
  },
  Object {
    "arena": "Tissot Arena",
    "capacity": "6,521",
    "founded": "1939",
    "joinedleague": "2008",
    "location": "Biel/Bienne",
    "team": "*EHC Biel*",
  },
  Object {
    "arena": "Vaillant Arena",
    "capacity": "6,800",
    "founded": "1921",
    "joinedleague": "1993",
    "location": "Davos",
    "team": "*HC Davos*",
  },
  Object {
    "arena": "BCF Arena",
    "capacity": "8,934",
    "founded": "1938",
    "joinedleague": "1980",
    "location": "Fribourg",
    "team": "*Fribourg-Gottéron*",
  },
  Object {
    "arena": "Patinoire des Vernets",
    "capacity": "7,135",
    "founded": "1905",
    "joinedleague": "2001",
    "location": "Geneva",
    "team": "*Genève-Servette HC*",
  },
  Object {
    "arena": "Vaudoise Aréna",
    "capacity": "9,600",
    "founded": "1922",
    "joinedleague": "2013",
    "location": "Lausanne",
    "team": "*Lausanne HC*",
  },
  Object {
    "arena": "Cornèr Arena",
    "capacity": "7,800",
    "founded": "1941",
    "joinedleague": "1981",
    "location": "Lugano",
    "team": "*HC Lugano*",
  },
  Object {
    "arena": "St. Galler Kantonalbank Arena",
    "capacity": "6,200",
    "founded": "1945",
    "joinedleague": "2018",
    "location": "Rapperswil-Jona",
    "team": "*SC Rapperswil-Jona Lakers*",
  },
  Object {
    "arena": "Ilfis Stadium",
    "capacity": "6,000",
    "founded": "1946",
    "joinedleague": "2015",
    "location": "Langnau im Emmental",
    "team": "*SCL Tigers*",
  },
  Object {
    "arena": "Hallenstadion",
    "capacity": "11,200",
    "founded": "1930",
    "joinedleague": "1989",
    "location": "Zürich",
    "team": "*ZSC Lions*",
  },
  Object {
    "arena": "Bossard Arena",
    "capacity": "7,200",
    "founded": "1967",
    "joinedleague": "1987",
    "location": "Zug",
    "team": "*EV Zug*",
  },
]
`;

exports[`Test matches snapshot 1`] = `
Object {
  "__": null,
  "__b": 0,
  "__c": null,
  "__d": undefined,
  "__e": null,
  "__h": null,
  "__k": null,
  "__self": undefined,
  "__source": undefined,
  "__v": -1,
  "constructor": undefined,
  "key": undefined,
  "props": Object {
    "sheetName": "testSheet",
  },
  "ref": undefined,
  "type": [Function],
}
`;
